// Jest Snapshot v1, https://goo.gl/fbAQLP

exports[`renders correctly 1`] = `
<View
  style={
    Object {
      "alignItems": "flex-start",
      "backgroundColor": "#fff",
      "flex": 1,
      "justifyContent": "flex-start",
    }
  }
>
  <SmoothLineChart
    data={
      Array [
        Array [
          Object {
            "x": -10,
            "y": -1000,
          },
          Object {
            "x": -9,
            "y": -729,
          },
          Object {
            "x": -8,
            "y": -512,
          },
          Object {
            "x": -7,
            "y": -343,
          },
          Object {
            "x": -6,
            "y": -216,
          },
          Object {
            "x": -5,
            "y": -125,
          },
          Object {
            "x": -4,
            "y": -64,
          },
          Object {
            "x": -3,
            "y": -27,
          },
          Object {
            "x": -2,
            "y": -8,
          },
          Object {
            "x": -1,
            "y": -1,
          },
          Object {
            "x": 0,
            "y": 0,
          },
          Object {
            "x": 1,
            "y": 1,
          },
          Object {
            "x": 2,
            "y": 8,
          },
          Object {
            "x": 3,
            "y": 27,
          },
          Object {
            "x": 4,
            "y": 64,
          },
          Object {
            "x": 5,
            "y": 125,
          },
          Object {
            "x": 6,
            "y": 216,
          },
          Object {
            "x": 7,
            "y": 343,
          },
          Object {
            "x": 8,
            "y": 512,
          },
          Object {
            "x": 9,
            "y": 729,
          },
          Object {
            "x": 10,
            "y": 1000,
          },
        ],
        Array [
          Object {
            "x": -10,
            "y": 100,
          },
          Object {
            "x": -9,
            "y": 81,
          },
          Object {
            "x": -8,
            "y": 64,
          },
          Object {
            "x": -7,
            "y": 49,
          },
          Object {
            "x": -6,
            "y": 36,
          },
          Object {
            "x": -5,
            "y": 25,
          },
          Object {
            "x": -4,
            "y": 16,
          },
          Object {
            "x": -3,
            "y": 9,
          },
          Object {
            "x": -2,
            "y": 4,
          },
          Object {
            "x": -1,
            "y": 1,
          },
          Object {
            "x": 0,
            "y": 0,
          },
          Object {
            "x": 1,
            "y": 1,
          },
          Object {
            "x": 2,
            "y": 4,
          },
          Object {
            "x": 3,
            "y": 9,
          },
          Object {
            "x": 4,
            "y": 16,
          },
          Object {
            "x": 5,
            "y": 25,
          },
          Object {
            "x": 6,
            "y": 36,
          },
          Object {
            "x": 7,
            "y": 49,
          },
          Object {
            "x": 8,
            "y": 64,
          },
          Object {
            "x": 9,
            "y": 81,
          },
          Object {
            "x": 10,
            "y": 100,
          },
        ],
      ]
    }
    options={
      Object {
        "animate": Object {
          "duration": 200,
          "type": "delayed",
        },
        "axisX": Object {
          "label": Object {
            "fill": "#34495E",
            "fontFamily": "Arial",
            "fontSize": 14,
            "fontWeight": true,
          },
          "orient": "bottom",
          "showAxis": true,
          "showLabels": true,
          "showLines": true,
          "showTicks": true,
          "zeroAxis": false,
        },
        "axisY": Object {
          "label": Object {
            "fill": "#34495E",
            "fontFamily": "Arial",
            "fontSize": 14,
            "fontWeight": true,
          },
          "orient": "left",
          "showAxis": true,
          "showLabels": true,
          "showLines": true,
          "showTicks": true,
          "zeroAxis": false,
        },
        "color": "#2980B9",
        "height": 280,
        "margin": Object {
          "bottom": 25,
          "left": 45,
          "right": 20,
          "top": 20,
        },
        "width": 280,
      }
    }
    xKey="x"
    yKey="y"
  />
</View>
`;
